[www.vasterad.com/themes/incredible/index.html]
[backblue.gif]
[fade.gif]
[index.html]
[www.vasterad.com/themes/incredible/css/style.css]
[code.jquery.com/jquery-1.11.0.min.js]
[code.jquery.com/jquery-migrate-1.2.1.min.js]
[www.vasterad.com/themes/incredible/js/flexslider.js]
[www.vasterad.com/themes/incredible/js/jquery.isotope.min.js]
[www.vasterad.com/themes/incredible/js/custom.js]
[www.vasterad.com/themes/incredible/js/ender.min.js]
[www.vasterad.com/themes/incredible/js/selectnav.js]
[www.vasterad.com/themes/incredible/js/imagebox.min.js]
[www.vasterad.com/themes/incredible/js/carousel.js]
[www.vasterad.com/themes/incredible/js/twitter.js]
[www.vasterad.com/themes/incredible/js/tooltip.js]
[www.vasterad.com/themes/incredible/js/popover.js]
[www.vasterad.com/themes/incredible/js/layerslider.transitions.js]
[www.vasterad.com/themes/incredible/js/layerslider.kreaturamedia.jquery.js]
[www.vasterad.com/themes/incredible/js/greensock.js]
[www.vasterad.com/themes/incredible/images/logo.png]
[www.vasterad.com/themes/incredible/index_2.html]
[www.vasterad.com/themes/incredible/index_3.html]
[www.vasterad.com/themes/incredible/shortcodes.html]
[www.vasterad.com/themes/incredible/about.html]
[www.vasterad.com/themes/incredible/services.html]
[www.vasterad.com/themes/incredible/pricing_tables.html]
[www.vasterad.com/themes/incredible/full_width.html]
[www.vasterad.com/themes/incredible/icons.html]
[www.vasterad.com/themes/incredible/sidebar_right.html]
[www.vasterad.com/themes/incredible/sidebar_left.html]
[www.vasterad.com/themes/incredible/blog_post.html]
[www.vasterad.com/themes/incredible/single_project.html]
[www.vasterad.com/themes/incredible/portfolio_2.html]
[www.vasterad.com/themes/incredible/portfolio_3.html]
[www.vasterad.com/themes/incredible/portfolio_4.html]
[www.vasterad.com/themes/incredible/blog.html]
[www.vasterad.com/themes/incredible/contact.html]
[www.vasterad.com/themes/incredible/images/slider_bg_01.jpg]
[www.vasterad.com/themes/incredible/images/slider_img_02.png]
[www.vasterad.com/themes/incredible/images/slider_bg_02.png]
[www.vasterad.com/themes/incredible/images/portfolio_images/portfolio_3_01_large.jpg]
[www.vasterad.com/themes/incredible/images/portfolio_images/portfolio_3_01.jpg]
[www.vasterad.com/themes/incredible/images/portfolio_images/portfolio_3_06.jpg]
[www.vasterad.com/themes/incredible/images/portfolio_images/portfolio_3_04.jpg]
[www.vasterad.com/themes/incredible/images/portfolio_img_04_large.jpg]
[www.vasterad.com/themes/incredible/images/portfolio_img_04.jpg]
[www.vasterad.com/themes/incredible/images/logo_01.png]
[www.vasterad.com/themes/incredible/images/logo_02.png]
[www.vasterad.com/themes/incredible/images/logo_03.png]
[www.vasterad.com/themes/incredible/images/logo_04.png]
[www.vasterad.com/themes/incredible/images/logo_05.png]
[www.vasterad.com/themes/incredible/images/latest_widget_img_01.png]
[www.vasterad.com/themes/incredible/images/latest_widget_img_02.png]
[www.vasterad.com/themes/incredible/images/latest_widget_img_03.png]
[www.vasterad.com/themes/incredible/twitterc461.html]
[www.vasterad.com/themes/incredible/index.html]
[www.vasterad.com/themes/incredible/js/imagebox.build.js]
[www.vasterad.com/themes/incredible/css/base.css]
[www.vasterad.com/themes/incredible/css/skeleton.css]
[www.vasterad.com/themes/incredible/css/flexslider.css]
[www.vasterad.com/themes/incredible/css/layerslider.css]
[www.vasterad.com/themes/incredible/css/pricing_tables.css]
[www.vasterad.com/themes/incredible/css/imagebox.css]
[www.vasterad.com/themes/incredible/css/icons.css]
[www.vasterad.com/themes/incredible/images/filter_divider.png]
[www.vasterad.com/themes/incredible/images/loader.gif]
[www.vasterad.com/themes/incredible/images/alert_boxes_close_ico.png]
[www.vasterad.com/themes/incredible/images/testimonials_bg.png]
[www.vasterad.com/themes/incredible/font/fontello0bee.eot]
[www.vasterad.com/themes/incredible/font/fontello0bee.woff]
[www.vasterad.com/themes/incredible/font/fontello0bee.ttf]
[www.vasterad.com/themes/incredible/css/style.css]
[www.vasterad.com/themes/incredible/font/fontello0bee.svg]
[www.vasterad.com/themes/incredible/images/portfolio_images/portfolio_3_07.jpg]
[www.vasterad.com/themes/incredible/images/portfolio_images/portfolio_3_03.jpg]
[www.vasterad.com/themes/incredible/images/portfolio_images/portfolio_3_05.jpg]
[www.vasterad.com/themes/incredible/index_2.html]
[www.vasterad.com/themes/incredible/index_3.html]
[www.vasterad.com/themes/incredible/shortcodes.html]
[www.vasterad.com/themes/incredible/images/team_img.png]
[www.vasterad.com/themes/incredible/about.html]
[www.vasterad.com/themes/incredible/services.html]
[www.vasterad.com/themes/incredible/pricing_tables.html]
[www.vasterad.com/themes/incredible/full_width.html]
[www.vasterad.com/themes/incredible/icons.html]
[www.vasterad.com/themes/incredible/sidebar_right.html]
[www.vasterad.com/themes/incredible/sidebar_left.html]
[www.vasterad.com/themes/incredible/images/blog_image_01_large.jpg]
[www.vasterad.com/themes/incredible/images/blog_image_01.jpg]
[www.vasterad.com/themes/incredible/blog_post.html]
[www.vasterad.com/themes/incredible/images/portfolio_images/portfolio_3_03_large.jpg]
[www.vasterad.com/themes/incredible/images/portfolio_images/portfolio_3_02_large.jpg]
[www.vasterad.com/themes/incredible/images/portfolio_images/portfolio_3_06_large.jpg]
[www.vasterad.com/themes/incredible/images/portfolio_images/portfolio_3_08_large.jpg]
[www.vasterad.com/themes/incredible/images/portfolio_images/portfolio_3_08.jpg]
[www.vasterad.com/themes/incredible/images/portfolio_images/portfolio_3_04_large.jpg]
[www.vasterad.com/themes/incredible/images/portfolio_images/portfolio_3_09_large.jpg]
[www.vasterad.com/themes/incredible/images/portfolio_images/portfolio_3_09.jpg]
[www.vasterad.com/themes/incredible/single_project.html]
[www.vasterad.com/themes/incredible/images/portfolio_images/portfolio_2_01_large.jpg]
[www.vasterad.com/themes/incredible/images/portfolio_images/portfolio_2_01.jpg]
[www.vasterad.com/themes/incredible/images/portfolio_images/portfolio_2_02.jpg]
[www.vasterad.com/themes/incredible/images/portfolio_images/portfolio_2_03.jpg]
[www.vasterad.com/themes/incredible/images/portfolio_images/portfolio_2_04.jpg]
[www.vasterad.com/themes/incredible/portfolio_2.html]
[www.vasterad.com/themes/incredible/images/portfolio_images/portfolio_3_02.jpg]
[www.vasterad.com/themes/incredible/portfolio_3.html]
[www.vasterad.com/themes/incredible/images/portfolio_images/portfolio_3_10.jpg]
[www.vasterad.com/themes/incredible/images/portfolio_images/portfolio_3_11.jpg]
[www.vasterad.com/themes/incredible/images/portfolio_images/portfolio_3_12.jpg]
[www.vasterad.com/themes/incredible/portfolio_4.html]
[www.vasterad.com/themes/incredible/images/blog_image_02_large.jpg]
[www.vasterad.com/themes/incredible/images/blog_image_02.jpg]
[www.vasterad.com/themes/incredible/images/blog_image_03_large.jpg]
[www.vasterad.com/themes/incredible/images/blog_image_03.jpg]
[www.vasterad.com/themes/incredible/images/blog_image_04_large.jpg]
[www.vasterad.com/themes/incredible/images/blog_image_04.jpg]
[www.vasterad.com/themes/incredible/blog.html]
[www.vasterad.com/themes/incredible/contact.html]
[www.vasterad.com/themes/incredible/twitterc461.html]
[www.vasterad.com/themes/incredible/css/base.css]
[www.vasterad.com/themes/incredible/css/skeleton.css]
[www.vasterad.com/themes/incredible/css/flexslider.css]
[www.vasterad.com/themes/incredible/css/blank.gif]
[www.vasterad.com/themes/incredible/css/layerslider.css]
[www.vasterad.com/themes/incredible/css/pricing_tables.css]
[www.vasterad.com/themes/incredible/images/imagebox_sprite.png]
[www.vasterad.com/themes/incredible/images/shadow-v.png]
[www.vasterad.com/themes/incredible/images/shadow-h.png]
[www.vasterad.com/themes/incredible/css/imagebox.css]
[www.vasterad.com/themes/incredible/font/fontawesome-webfonte0a5.eot]
[www.vasterad.com/themes/incredible/font/fontawesome-webfontd41d.eot]
[www.vasterad.com/themes/incredible/font/fontawesome-webfonte0a5.woff2]
[www.vasterad.com/themes/incredible/font/fontawesome-webfonte0a5.woff]
[www.vasterad.com/themes/incredible/font/fontawesome-webfonte0a5.ttf]
[www.vasterad.com/themes/incredible/css/icons.css]
[www.vasterad.com/themes/incredible/font/fontello0bee.svg]
[www.vasterad.com/themes/incredible/images/portfolio_images/portfolio_3_06_large.html]
[www.vasterad.com/themes/incredible/images/portfolio_images/portfolio_3_08_large.html]
[www.vasterad.com/themes/incredible/images/portfolio_images/portfolio_3_04_large.html]
[www.vasterad.com/themes/incredible/images/portfolio_images/portfolio_3_09_large.html]
[www.vasterad.com/themes/incredible/css/blank.html]
[www.vasterad.com/themes/incredible/images/shadow-v.html]
[www.vasterad.com/themes/incredible/images/shadow-h.html]
[www.vasterad.com/themes/incredible/font/fontawesome-webfonte0a5.svg]
[www.vasterad.com/themes/incredible/font/fontawesome-webfonte0a5.svg]
